// Jest Snapshot v1, https://goo.gl/fbAQLP

exports[`Testing <NotFound container should match the snapshot 1`] = `ShallowWrapper {}`;
